WARNING: epix2: String id 'FitEmptyUnit' has an empty string for language 'hun'.
WARNING: epix2: /home/viktor/projects/padel-pilot/padel-pilot-garmin/source/PadelApp.mc:13,12: Cannot determine if container access is using container type.
WARNING: epix2: /home/viktor/projects/padel-pilot/padel-pilot-garmin/source/PadelApp.mc:15,16: Cannot determine if container access is using container type.
WARNING: epix2: /home/viktor/projects/padel-pilot/padel-pilot-garmin/source/domain/ActiveMatchStore.mc:41,8: Cannot determine if container access is using container type.
WARNING: epix2: /home/viktor/projects/padel-pilot/padel-pilot-garmin/source/domain/ActiveMatchStore.mc:42,8: Cannot determine if container access is using container type.
WARNING: epix2: /home/viktor/projects/padel-pilot/padel-pilot-garmin/source/domain/ActiveMatchStore.mc:51,8: Cannot determine if container access is using container type.
WARNING: epix2: /home/viktor/projects/padel-pilot/padel-pilot-garmin/source/domain/ActiveMatchStore.mc:53,8: Cannot determine if container access is using container type.
WARNING: epix2: /home/viktor/projects/padel-pilot/padel-pilot-garmin/source/domain/ActiveMatchStore.mc:54,8: Cannot determine if container access is using container type.
WARNING: epix2: /home/viktor/projects/padel-pilot/padel-pilot-garmin/source/domain/ActiveMatchStore.mc:58,8: Cannot determine if container access is using container type.
WARNING: epix2: /home/viktor/projects/padel-pilot/padel-pilot-garmin/source/domain/ActiveMatchStore.mc:98,12: Cannot determine if container access is using container type.
WARNING: epix2: /home/viktor/projects/padel-pilot/padel-pilot-garmin/source/domain/MatchHistoryStatistics.mc:35,16: Cannot determine if container access is using container type.
WARNING: epix2: /home/viktor/projects/padel-pilot/padel-pilot-garmin/source/domain/MatchHistoryStatistics.mc:36,16: Cannot determine if container access is using container type.
WARNING: epix2: /home/viktor/projects/padel-pilot/padel-pilot-garmin/source/domain/MatchHistoryStore.mc:58,12: Cannot determine if container access is using container type.
WARNING: epix2: /home/viktor/projects/padel-pilot/padel-pilot-garmin/source/domain/MatchHistoryStore.mc:59,12: Cannot determine if container access is using container type.
WARNING: epix2: /home/viktor/projects/padel-pilot/padel-pilot-garmin/source/domain/MatchHistoryStore.mc:68,12: Cannot determine if container access is using container type.
WARNING: epix2: /home/viktor/projects/padel-pilot/padel-pilot-garmin/source/domain/MatchHistoryStore.mc:72,8: Cannot determine if container access is using container type.
WARNING: epix2: /home/viktor/projects/padel-pilot/padel-pilot-garmin/source/domain/MatchHistoryStore.mc:93,12: Cannot determine if container access is using container type.
WARNING: epix2: /home/viktor/projects/padel-pilot/padel-pilot-garmin/source/domain/MatchHistoryStore.mc:144,16: Cannot determine if container access is using container type.
WARNING: epix2: /home/viktor/projects/padel-pilot/padel-pilot-garmin/source/domain/MatchHistoryStore.mc:158,12: Cannot determine if container access is using container type.
WARNING: epix2: /home/viktor/projects/padel-pilot/padel-pilot-garmin/source/domain/MatchHistoryStore.mc:160,8: Cannot determine if container access is using container type.
WARNING: epix2: /home/viktor/projects/padel-pilot/padel-pilot-garmin/source/domain/MatchHistoryStore.mc:170,8: Cannot determine if container access is using container type.
WARNING: epix2: /home/viktor/projects/padel-pilot/padel-pilot-garmin/source/domain/MatchHistoryStore.mc:174,37: Cannot determine if container access is using container type.
WARNING: epix2: /home/viktor/projects/padel-pilot/padel-pilot-garmin/source/domain/MatchHistoryStore.mc:176,8: Cannot determine if container access is using container type.
WARNING: epix2: /home/viktor/projects/padel-pilot/padel-pilot-garmin/source/domain/MatchHistoryStore.mc:188,8: Cannot determine if container access is using container type.
WARNING: epix2: /home/viktor/projects/padel-pilot/padel-pilot-garmin/source/domain/MatchHistoryStore.mc:193,12: Cannot determine if container access is using container type.
WARNING: epix2: /home/viktor/projects/padel-pilot/padel-pilot-garmin/source/domain/MatchHistoryStore.mc:205,37: Cannot determine if container access is using container type.
WARNING: epix2: /home/viktor/projects/padel-pilot/padel-pilot-garmin/source/domain/MatchHistoryStore.mc:207,12: Cannot determine if container access is using container type.
WARNING: epix2: /home/viktor/projects/padel-pilot/padel-pilot-garmin/source/domain/MatchHistoryStore.mc:263,12: Cannot determine if container access is using container type.
WARNING: epix2: /home/viktor/projects/padel-pilot/padel-pilot-garmin/source/domain/MatchHistoryStore.mc:280,16: Cannot determine if container access is using container type.
WARNING: epix2: /home/viktor/projects/padel-pilot/padel-pilot-garmin/source/domain/MatchHistoryStore.mc:285,16: Cannot determine if container access is using container type.
WARNING: epix2: /home/viktor/projects/padel-pilot/padel-pilot-garmin/source/domain/MatchHistoryStore.mc:294,12: Cannot determine if container access is using container type.
WARNING: epix2: /home/viktor/projects/padel-pilot/padel-pilot-garmin/source/domain/MatchHistoryStore.mc:298,8: Cannot determine if container access is using container type.
WARNING: epix2: /home/viktor/projects/padel-pilot/padel-pilot-garmin/source/domain/MatchHistoryStore.mc:300,12: Cannot determine if container access is using container type.
WARNING: epix2: /home/viktor/projects/padel-pilot/padel-pilot-garmin/source/domain/MatchHistoryStore.mc:301,12: Cannot determine if container access is using container type.
WARNING: epix2: /home/viktor/projects/padel-pilot/padel-pilot-garmin/source/domain/MatchSetupState.mc:243,12: Cannot determine if container access is using container type.
WARNING: epix2: /home/viktor/projects/padel-pilot/padel-pilot-garmin/source/domain/MatchSetupState.mc:248,8: Cannot determine if container access is using container type.
WARNING: epix2: /home/viktor/projects/padel-pilot/padel-pilot-garmin/source/domain/PadelActivityRecorder.mc:212,12: Cannot determine if container access is using container type.
WARNING: epix2: /home/viktor/projects/padel-pilot/padel-pilot-garmin/source/domain/PadelActivityRecorder.mc:213,12: Cannot determine if container access is using container type.
WARNING: epix2: /home/viktor/projects/padel-pilot/padel-pilot-garmin/source/domain/PadelActivityRecorder.mc:214,12: Cannot determine if container access is using container type.
WARNING: epix2: /home/viktor/projects/padel-pilot/padel-pilot-garmin/source/domain/PadelActivityRecorder.mc:227,12: Cannot determine if container access is using container type.
WARNING: epix2: /home/viktor/projects/padel-pilot/padel-pilot-garmin/source/domain/PadelActivityRecorder.mc:228,12: Cannot determine if container access is using container type.
WARNING: epix2: /home/viktor/projects/padel-pilot/padel-pilot-garmin/source/domain/PadelActivityRecorder.mc:229,12: Cannot determine if container access is using container type.
WARNING: epix2: /home/viktor/projects/padel-pilot/padel-pilot-garmin/source/domain/PadelActivityRecorder.mc:230,12: Cannot determine if container access is using container type.
WARNING: epix2: /home/viktor/projects/padel-pilot/padel-pilot-garmin/source/domain/PadelActivityRecorder.mc:231,12: Cannot determine if container access is using container type.
WARNING: epix2: /home/viktor/projects/padel-pilot/padel-pilot-garmin/source/domain/PadelActivityRecorder.mc:235,8: Cannot determine if container access is using container type.
WARNING: epix2: /home/viktor/projects/padel-pilot/padel-pilot-garmin/source/domain/PadelActivityRecorder.mc:236,8: Cannot determine if container access is using container type.
WARNING: epix2: /home/viktor/projects/padel-pilot/padel-pilot-garmin/source/domain/PadelActivityRecorder.mc:261,12: Cannot determine if container access is using container type.
WARNING: epix2: /home/viktor/projects/padel-pilot/padel-pilot-garmin/source/domain/PadelActivityRecorder.mc:262,12: Cannot determine if container access is using container type.
WARNING: epix2: /home/viktor/projects/padel-pilot/padel-pilot-garmin/source/domain/PadelActivityRecorder.mc:277,12: Cannot determine if container access is using container type.
WARNING: epix2: /home/viktor/projects/padel-pilot/padel-pilot-garmin/source/domain/PadelActivityRecorder.mc:280,12: Cannot determine if container access is using container type.
WARNING: epix2: /home/viktor/projects/padel-pilot/padel-pilot-garmin/source/domain/PadelActivityRecorder.mc:284,12: Cannot determine if container access is using container type.
WARNING: epix2: /home/viktor/projects/padel-pilot/padel-pilot-garmin/source/domain/ScoringEngine.mc:55,12: Cannot determine if container access is using container type.
WARNING: epix2: /home/viktor/projects/padel-pilot/padel-pilot-garmin/source/domain/ScoringEngine.mc:58,8: Cannot determine if container access is using container type.
WARNING: epix2: /home/viktor/projects/padel-pilot/padel-pilot-garmin/source/domain/ScoringEngine.mc:58,8: Cannot determine if container assignment is using container type.
WARNING: epix2: /home/viktor/projects/padel-pilot/padel-pilot-garmin/source/domain/ScoringEngine.mc:73,8: Cannot determine if container access is using container type.
WARNING: epix2: /home/viktor/projects/padel-pilot/padel-pilot-garmin/source/domain/ScoringEngine.mc:99,12: Cannot determine if container access is using container type.
WARNING: epix2: /home/viktor/projects/padel-pilot/padel-pilot-garmin/source/domain/ScoringEngine.mc:102,16: Cannot determine if container access is using container type.
WARNING: epix2: /home/viktor/projects/padel-pilot/padel-pilot-garmin/source/domain/ScoringEngine.mc:102,16: Cannot determine if container assignment is using container type.
WARNING: epix2: /home/viktor/projects/padel-pilot/padel-pilot-garmin/source/domain/ScoringEngine.mc:107,8: Cannot determine if container access is using container type.
WARNING: epix2: /home/viktor/projects/padel-pilot/padel-pilot-garmin/source/domain/ScoringEngine.mc:108,12: Cannot determine if container access is using container type.
WARNING: epix2: /home/viktor/projects/padel-pilot/padel-pilot-garmin/source/domain/ScoringEngine.mc:108,12: Cannot determine if container assignment is using container type.
WARNING: epix2: /home/viktor/projects/padel-pilot/padel-pilot-garmin/source/domain/ScoringEngine.mc:109,12: Cannot determine if container access is using container type.
WARNING: epix2: /home/viktor/projects/padel-pilot/padel-pilot-garmin/source/domain/ScoringEngine.mc:115,8: Cannot determine if container access is using container type.
WARNING: epix2: /home/viktor/projects/padel-pilot/padel-pilot-garmin/source/domain/ScoringEngine.mc:117,15: Cannot determine if container access is using container type.
WARNING: epix2: /home/viktor/projects/padel-pilot/padel-pilot-garmin/source/domain/ScoringEngine.mc:118,12: Cannot determine if container assignment is using container type.
WARNING: epix2: /home/viktor/projects/padel-pilot/padel-pilot-garmin/source/domain/ScoringEngine.mc:119,15: Cannot determine if container access is using container type.
WARNING: epix2: /home/viktor/projects/padel-pilot/padel-pilot-garmin/source/domain/ScoringEngine.mc:120,12: Cannot determine if container assignment is using container type.
WARNING: epix2: /home/viktor/projects/padel-pilot/padel-pilot-garmin/source/domain/ScoringEngine.mc:121,15: Cannot determine if container access is using container type.
WARNING: epix2: /home/viktor/projects/padel-pilot/padel-pilot-garmin/source/domain/ScoringEngine.mc:127,8: Cannot determine if container access is using container type.
WARNING: epix2: /home/viktor/projects/padel-pilot/padel-pilot-garmin/source/domain/ScoringEngine.mc:127,8: Cannot determine if container assignment is using container type.
WARNING: epix2: /home/viktor/projects/padel-pilot/padel-pilot-garmin/source/domain/ScoringEngine.mc:139,8: Cannot determine if container access is using container type.
WARNING: epix2: /home/viktor/projects/padel-pilot/padel-pilot-garmin/source/domain/ScoringEngine.mc:141,15: Cannot determine if container access is using container type.
WARNING: epix2: /home/viktor/projects/padel-pilot/padel-pilot-garmin/source/domain/ScoringEngine.mc:149,8: Cannot determine if container access is using container type.
WARNING: epix2: /home/viktor/projects/padel-pilot/padel-pilot-garmin/source/domain/ScoringEngine.mc:149,8: Cannot determine if container assignment is using container type.
WARNING: epix2: /home/viktor/projects/padel-pilot/padel-pilot-garmin/source/domain/ScoringEngine.mc:155,8: Cannot determine if container access is using container type.
WARNING: epix2: /home/viktor/projects/padel-pilot/padel-pilot-garmin/source/domain/ScoringEngine.mc:158,8: Cannot determine if container access is using container type.
WARNING: epix2: /home/viktor/projects/padel-pilot/padel-pilot-garmin/source/domain/ScoringEngine.mc:160,16: Cannot determine if container access is using container type.
WARNING: epix2: /home/viktor/projects/padel-pilot/padel-pilot-garmin/source/domain/ScoringEngine.mc:160,16: Cannot determine if container assignment is using container type.
WARNING: epix2: /home/viktor/projects/padel-pilot/padel-pilot-garmin/source/domain/ScoringEngine.mc:175,12: Cannot determine if container access is using container type.
WARNING: epix2: /home/viktor/projects/padel-pilot/padel-pilot-garmin/source/domain/ScoringEngine.mc:177,12: Cannot determine if container access is using container type.
WARNING: epix2: /home/viktor/projects/padel-pilot/padel-pilot-garmin/source/domain/ScoringEngine.mc:180,8: Cannot determine if container access is using container type.
WARNING: epix2: /home/viktor/projects/padel-pilot/padel-pilot-garmin/source/domain/ScoringEngine.mc:180,8: Cannot determine if container assignment is using container type.
WARNING: epix2: /home/viktor/projects/padel-pilot/padel-pilot-garmin/source/domain/ScoringEngine.mc:193,8: Cannot determine if container access is using container type.
WARNING: epix2: /home/viktor/projects/padel-pilot/padel-pilot-garmin/source/domain/ScoringEngine.mc:207,8: Cannot determine if container access is using container type.
WARNING: epix2: /home/viktor/projects/padel-pilot/padel-pilot-garmin/source/domain/ScoringEngine.mc:207,8: Cannot determine if container assignment is using container type.
WARNING: epix2: /home/viktor/projects/padel-pilot/padel-pilot-garmin/source/domain/ScoringEngine.mc:213,8: Cannot determine if container access is using container type.
WARNING: epix2: /home/viktor/projects/padel-pilot/padel-pilot-garmin/source/domain/ScoringEngine.mc:230,8: Cannot determine if container access is using container type.
WARNING: epix2: /home/viktor/projects/padel-pilot/padel-pilot-garmin/source/domain/ScoringEngine.mc:235,12: Cannot determine if container access is using container type.
WARNING: epix2: /home/viktor/projects/padel-pilot/padel-pilot-garmin/source/domain/ScoringEngine.mc:239,8: Cannot determine if container access is using container type.
WARNING: epix2: /home/viktor/projects/padel-pilot/padel-pilot-garmin/source/domain/ScoringEngine.mc:299,8: Cannot determine if container access is using container type.
WARNING: epix2: /home/viktor/projects/padel-pilot/padel-pilot-garmin/source/domain/ScoringEngine.mc:346,8: Cannot determine if container access is using container type.
WARNING: epix2: /home/viktor/projects/padel-pilot/padel-pilot-garmin/source/domain/ScoringEngine.mc:360,12: Cannot determine if container access is using container type.
WARNING: epix2: /home/viktor/projects/padel-pilot/padel-pilot-garmin/source/domain/ScoringEngine.mc:376,8: Cannot determine if container access is using container type.
WARNING: epix2: /home/viktor/projects/padel-pilot/padel-pilot-garmin/source/domain/ScoringEngine.mc:382,12: Cannot determine if container access is using container type.
WARNING: epix2: /home/viktor/projects/padel-pilot/padel-pilot-garmin/source/domain/ScoringEngine.mc:428,12: Cannot determine if container access is using container type.
WARNING: epix2: /home/viktor/projects/padel-pilot/padel-pilot-garmin/source/tests/PointMatchEngineTests.mc:293,4: Cannot determine if container access is using container type.
WARNING: epix2: /home/viktor/projects/padel-pilot/padel-pilot-garmin/source/tests/PointMatchEngineTests.mc:294,4: Cannot determine if container access is using container type.
WARNING: epix2: /home/viktor/projects/padel-pilot/padel-pilot-garmin/source/ui/MatchHistoryDetailView.mc:31,8: Cannot determine if container access is using container type.
WARNING: epix2: /home/viktor/projects/padel-pilot/padel-pilot-garmin/source/ui/MatchHistoryDetailView.mc:64,8: Cannot determine if container access is using container type.
WARNING: epix2: /home/viktor/projects/padel-pilot/padel-pilot-garmin/source/ui/MatchHistoryDetailView.mc:89,8: Cannot determine if container access is using container type.
WARNING: epix2: /home/viktor/projects/padel-pilot/padel-pilot-garmin/source/ui/MatchHistoryDetailView.mc:100,8: Cannot determine if container access is using container type.
WARNING: epix2: /home/viktor/projects/padel-pilot/padel-pilot-garmin/source/ui/MatchHistoryDetailView.mc:103,8: Cannot determine if container access is using container type.
WARNING: epix2: /home/viktor/projects/padel-pilot/padel-pilot-garmin/source/ui/MatchHistoryDetailView.mc:105,8: Cannot determine if container access is using container type.
WARNING: epix2: /home/viktor/projects/padel-pilot/padel-pilot-garmin/source/ui/MatchHistoryDetailView.mc:117,8: Cannot determine if container access is using container type.
WARNING: epix2: /home/viktor/projects/padel-pilot/padel-pilot-garmin/source/ui/MatchHistoryDetailView.mc:124,8: Cannot determine if container access is using container type.
WARNING: epix2: /home/viktor/projects/padel-pilot/padel-pilot-garmin/source/ui/MatchHistoryDetailView.mc:127,12: Cannot determine if container access is using container type.
WARNING: epix2: /home/viktor/projects/padel-pilot/padel-pilot-garmin/source/ui/MatchHistoryDetailView.mc:129,12: Cannot determine if container access is using container type.
WARNING: epix2: /home/viktor/projects/padel-pilot/padel-pilot-garmin/source/ui/MatchHistoryDetailView.mc:143,8: Cannot determine if container access is using container type.
WARNING: epix2: /home/viktor/projects/padel-pilot/padel-pilot-garmin/source/ui/MatchHistoryDetailView.mc:150,8: Cannot determine if container access is using container type.
WARNING: epix2: /home/viktor/projects/padel-pilot/padel-pilot-garmin/source/ui/MatchHistoryDetailView.mc:151,8: Cannot determine if container access is using container type.
WARNING: epix2: /home/viktor/projects/padel-pilot/padel-pilot-garmin/source/ui/MatchHistoryDetailView.mc:152,8: Cannot determine if container access is using container type.
WARNING: epix2: /home/viktor/projects/padel-pilot/padel-pilot-garmin/source/ui/MatchHistoryDetailView.mc:162,12: Cannot determine if container access is using container type.
WARNING: epix2: /home/viktor/projects/padel-pilot/padel-pilot-garmin/source/ui/MatchHistoryDetailView.mc:165,16: Cannot determine if container access is using container type.
WARNING: epix2: /home/viktor/projects/padel-pilot/padel-pilot-garmin/source/ui/MatchHistoryDetailView.mc:170,12: Cannot determine if container access is using container type.
WARNING: epix2: /home/viktor/projects/padel-pilot/padel-pilot-garmin/source/ui/MatchHistoryDetailView.mc:172,12: Cannot determine if container access is using container type.
WARNING: epix2: /home/viktor/projects/padel-pilot/padel-pilot-garmin/source/ui/MatchHistoryDetailView.mc:185,8: Cannot determine if container access is using container type.
WARNING: epix2: /home/viktor/projects/padel-pilot/padel-pilot-garmin/source/ui/MatchHistoryDetailView.mc:186,8: Cannot determine if container access is using container type.
WARNING: epix2: /home/viktor/projects/padel-pilot/padel-pilot-garmin/source/ui/MatchHistoryDetailView.mc:192,8: Cannot determine if container access is using container type.
WARNING: epix2: /home/viktor/projects/padel-pilot/padel-pilot-garmin/source/ui/MatchHistoryDetailView.mc:214,8: Cannot determine if container access is using container type.
WARNING: epix2: /home/viktor/projects/padel-pilot/padel-pilot-garmin/source/ui/MatchHistoryDetailView.mc:215,12: Cannot determine if container access is using container type.
WARNING: epix2: /home/viktor/projects/padel-pilot/padel-pilot-garmin/source/ui/MatchHistoryDetailView.mc:217,8: Cannot determine if container access is using container type.
WARNING: epix2: /home/viktor/projects/padel-pilot/padel-pilot-garmin/source/ui/MatchHistoryDetailView.mc:218,12: Cannot determine if container access is using container type.
WARNING: epix2: /home/viktor/projects/padel-pilot/padel-pilot-garmin/source/ui/MatchHistoryDetailView.mc:221,8: Cannot determine if container access is using container type.
WARNING: epix2: /home/viktor/projects/padel-pilot/padel-pilot-garmin/source/ui/MatchHistoryDetailView.mc:239,8: Cannot determine if container access is using container type.
WARNING: epix2: /home/viktor/projects/padel-pilot/padel-pilot-garmin/source/ui/MatchHistoryDetailView.mc:240,8: Cannot determine if container access is using container type.
WARNING: epix2: /home/viktor/projects/padel-pilot/padel-pilot-garmin/source/ui/MatchHistoryDetailView.mc:244,8: Cannot determine if container access is using container type.
WARNING: epix2: /home/viktor/projects/padel-pilot/padel-pilot-garmin/source/ui/MatchHistoryDetailView.mc:245,8: Cannot determine if container access is using container type.
WARNING: epix2: /home/viktor/projects/padel-pilot/padel-pilot-garmin/source/ui/MatchHistoryDetailView.mc:247,8: Cannot determine if container access is using container type.
WARNING: epix2: /home/viktor/projects/padel-pilot/padel-pilot-garmin/source/ui/MatchHistoryView.mc:37,8: Cannot determine if container access is using container type.
WARNING: epix2: /home/viktor/projects/padel-pilot/padel-pilot-garmin/source/ui/MatchHistoryView.mc:95,8: Cannot determine if container access is using container type.
WARNING: epix2: /home/viktor/projects/padel-pilot/padel-pilot-garmin/source/ui/MatchHistoryView.mc:111,8: Cannot determine if container access is using container type.
WARNING: epix2: /home/viktor/projects/padel-pilot/padel-pilot-garmin/source/ui/MatchHistoryView.mc:117,8: Cannot determine if container access is using container type.
WARNING: epix2: /home/viktor/projects/padel-pilot/padel-pilot-garmin/source/ui/RecoveryInputDelegate.mc:25,8: Cannot determine if container access is using container type.
WARNING: epix2: /home/viktor/projects/padel-pilot/padel-pilot-garmin/source/ui/RecoveryInputDelegate.mc:41,8: Cannot determine if container access is using container type.
WARNING: epix2: /home/viktor/projects/padel-pilot/padel-pilot-garmin/source/ui/RecoveryInputDelegate.mc:44,12: Cannot determine if container access is using container type.
WARNING: epix2: /home/viktor/projects/padel-pilot/padel-pilot-garmin/source/ui/RecoveryInputDelegate.mc:45,12: Cannot determine if container access is using container type.
WARNING: epix2: /home/viktor/projects/padel-pilot/padel-pilot-garmin/source/ui/RecoveryInputDelegate.mc:52,8: Cannot determine if container access is using container type.
WARNING: epix2: /home/viktor/projects/padel-pilot/padel-pilot-garmin/source/ui/RecoveryView.mc:21,8: Cannot determine if container access is using container type.
WARNING: epix2: /home/viktor/projects/padel-pilot/padel-pilot-garmin/source/ui/ScoreInputDelegate.mc:191,15: Cannot determine if container access is using container type.
WARNING: epix2: /home/viktor/projects/padel-pilot/padel-pilot-garmin/source/ui/ScoreInputDelegate.mc:193,15: Cannot determine if container access is using container type.
WARNING: epix2: /home/viktor/projects/padel-pilot/padel-pilot-garmin/source/ui/ScoreView.mc:130,8: Cannot determine if container access is using container type.
WARNING: epix2: /home/viktor/projects/padel-pilot/padel-pilot-garmin/source/ui/ScoreView.mc:154,12: Cannot determine if container access is using container type.
WARNING: epix2: /home/viktor/projects/padel-pilot/padel-pilot-garmin/source/ui/ScoreView.mc:160,12: Cannot determine if container access is using container type.
WARNING: epix2: /home/viktor/projects/padel-pilot/padel-pilot-garmin/source/ui/ScoreView.mc:263,8: Cannot determine if container access is using container type.
WARNING: epix2: /home/viktor/projects/padel-pilot/padel-pilot-garmin/source/ui/ScoreView.mc:264,8: Cannot determine if container access is using container type.
WARNING: epix2: /home/viktor/projects/padel-pilot/padel-pilot-garmin/source/ui/ScoreView.mc:274,8: Cannot determine if container access is using container type.
WARNING: epix2: /home/viktor/projects/padel-pilot/padel-pilot-garmin/source/ui/ScoreView.mc:294,12: Cannot determine if container access is using container type.
WARNING: epix2: /home/viktor/projects/padel-pilot/padel-pilot-garmin/source/ui/ScoreView.mc:296,12: Cannot determine if container access is using container type.
WARNING: epix2: /home/viktor/projects/padel-pilot/padel-pilot-garmin/source/ui/ScoreView.mc:366,8: Cannot determine if container access is using container type.
WARNING: epix2: /home/viktor/projects/padel-pilot/padel-pilot-garmin/source/ui/ScoreView.mc:367,8: Cannot determine if container access is using container type.
BUILD SUCCESSFUL
