WARNING: enduro3: The launcher icon (60x60) isn't compatible with the specified launcher icon size of the device 'enduro3' (40x40). The image will be scaled to the target size.
WARNING: enduro3: /home/viktor/projects/padel-pilot/padel-pilot-garmin/source/domain/ActiveMatchStore.mc:40,8: Cannot determine if container access is using container type.
WARNING: enduro3: /home/viktor/projects/padel-pilot/padel-pilot-garmin/source/domain/ActiveMatchStore.mc:46,8: Cannot determine if container access is using container type.
WARNING: enduro3: /home/viktor/projects/padel-pilot/padel-pilot-garmin/source/domain/ActiveMatchStore.mc:48,8: Cannot determine if container access is using container type.
WARNING: enduro3: /home/viktor/projects/padel-pilot/padel-pilot-garmin/source/domain/ActiveMatchStore.mc:49,8: Cannot determine if container access is using container type.
WARNING: enduro3: /home/viktor/projects/padel-pilot/padel-pilot-garmin/source/domain/ActiveMatchStore.mc:53,8: Cannot determine if container access is using container type.
WARNING: enduro3: /home/viktor/projects/padel-pilot/padel-pilot-garmin/source/domain/ActiveMatchStore.mc:83,12: Cannot determine if container access is using container type.
WARNING: enduro3: /home/viktor/projects/padel-pilot/padel-pilot-garmin/source/domain/MatchHistoryStatistics.mc:32,16: Cannot determine if container access is using container type.
WARNING: enduro3: /home/viktor/projects/padel-pilot/padel-pilot-garmin/source/domain/MatchHistoryStatistics.mc:33,16: Cannot determine if container access is using container type.
WARNING: enduro3: /home/viktor/projects/padel-pilot/padel-pilot-garmin/source/domain/MatchHistoryStore.mc:37,12: Cannot determine if container access is using container type.
WARNING: enduro3: /home/viktor/projects/padel-pilot/padel-pilot-garmin/source/domain/MatchHistoryStore.mc:38,12: Cannot determine if container access is using container type.
WARNING: enduro3: /home/viktor/projects/padel-pilot/padel-pilot-garmin/source/domain/MatchHistoryStore.mc:47,12: Cannot determine if container access is using container type.
WARNING: enduro3: /home/viktor/projects/padel-pilot/padel-pilot-garmin/source/domain/MatchHistoryStore.mc:51,8: Cannot determine if container access is using container type.
WARNING: enduro3: /home/viktor/projects/padel-pilot/padel-pilot-garmin/source/domain/MatchHistoryStore.mc:72,12: Cannot determine if container access is using container type.
WARNING: enduro3: /home/viktor/projects/padel-pilot/padel-pilot-garmin/source/domain/MatchHistoryStore.mc:119,16: Cannot determine if container access is using container type.
WARNING: enduro3: /home/viktor/projects/padel-pilot/padel-pilot-garmin/source/domain/MatchHistoryStore.mc:132,8: Cannot determine if container access is using container type.
WARNING: enduro3: /home/viktor/projects/padel-pilot/padel-pilot-garmin/source/domain/MatchHistoryStore.mc:138,12: Cannot determine if container access is using container type.
WARNING: enduro3: /home/viktor/projects/padel-pilot/padel-pilot-garmin/source/domain/MatchHistoryStore.mc:150,12: Cannot determine if container access is using container type.
WARNING: enduro3: /home/viktor/projects/padel-pilot/padel-pilot-garmin/source/domain/MatchHistoryStore.mc:202,12: Cannot determine if container access is using container type.
WARNING: enduro3: /home/viktor/projects/padel-pilot/padel-pilot-garmin/source/domain/MatchHistoryStore.mc:219,16: Cannot determine if container access is using container type.
WARNING: enduro3: /home/viktor/projects/padel-pilot/padel-pilot-garmin/source/domain/MatchHistoryStore.mc:224,16: Cannot determine if container access is using container type.
WARNING: enduro3: /home/viktor/projects/padel-pilot/padel-pilot-garmin/source/domain/MatchSetupState.mc:243,12: Cannot determine if container access is using container type.
WARNING: enduro3: /home/viktor/projects/padel-pilot/padel-pilot-garmin/source/domain/MatchSetupState.mc:248,8: Cannot determine if container access is using container type.
WARNING: enduro3: /home/viktor/projects/padel-pilot/padel-pilot-garmin/source/domain/PadelActivityRecorder.mc:124,12: Cannot determine if container access is using container type.
WARNING: enduro3: /home/viktor/projects/padel-pilot/padel-pilot-garmin/source/domain/PadelActivityRecorder.mc:125,12: Cannot determine if container access is using container type.
WARNING: enduro3: /home/viktor/projects/padel-pilot/padel-pilot-garmin/source/domain/PadelActivityRecorder.mc:126,12: Cannot determine if container access is using container type.
WARNING: enduro3: /home/viktor/projects/padel-pilot/padel-pilot-garmin/source/domain/PadelActivityRecorder.mc:137,8: Cannot determine if container access is using container type.
WARNING: enduro3: /home/viktor/projects/padel-pilot/padel-pilot-garmin/source/domain/PadelActivityRecorder.mc:138,8: Cannot determine if container access is using container type.
WARNING: enduro3: /home/viktor/projects/padel-pilot/padel-pilot-garmin/source/domain/PadelActivityRecorder.mc:155,12: Cannot determine if container access is using container type.
WARNING: enduro3: /home/viktor/projects/padel-pilot/padel-pilot-garmin/source/domain/PadelActivityRecorder.mc:156,12: Cannot determine if container access is using container type.
WARNING: enduro3: /home/viktor/projects/padel-pilot/padel-pilot-garmin/source/domain/PadelActivityRecorder.mc:171,12: Cannot determine if container access is using container type.
WARNING: enduro3: /home/viktor/projects/padel-pilot/padel-pilot-garmin/source/domain/PadelActivityRecorder.mc:174,12: Cannot determine if container access is using container type.
WARNING: enduro3: /home/viktor/projects/padel-pilot/padel-pilot-garmin/source/domain/PadelActivityRecorder.mc:178,12: Cannot determine if container access is using container type.
WARNING: enduro3: /home/viktor/projects/padel-pilot/padel-pilot-garmin/source/domain/ScoringEngine.mc:55,12: Cannot determine if container access is using container type.
WARNING: enduro3: /home/viktor/projects/padel-pilot/padel-pilot-garmin/source/domain/ScoringEngine.mc:58,8: Cannot determine if container access is using container type.
WARNING: enduro3: /home/viktor/projects/padel-pilot/padel-pilot-garmin/source/domain/ScoringEngine.mc:58,8: Cannot determine if container assignment is using container type.
WARNING: enduro3: /home/viktor/projects/padel-pilot/padel-pilot-garmin/source/domain/ScoringEngine.mc:73,8: Cannot determine if container access is using container type.
WARNING: enduro3: /home/viktor/projects/padel-pilot/padel-pilot-garmin/source/domain/ScoringEngine.mc:99,12: Cannot determine if container access is using container type.
WARNING: enduro3: /home/viktor/projects/padel-pilot/padel-pilot-garmin/source/domain/ScoringEngine.mc:102,16: Cannot determine if container access is using container type.
WARNING: enduro3: /home/viktor/projects/padel-pilot/padel-pilot-garmin/source/domain/ScoringEngine.mc:102,16: Cannot determine if container assignment is using container type.
WARNING: enduro3: /home/viktor/projects/padel-pilot/padel-pilot-garmin/source/domain/ScoringEngine.mc:107,8: Cannot determine if container access is using container type.
WARNING: enduro3: /home/viktor/projects/padel-pilot/padel-pilot-garmin/source/domain/ScoringEngine.mc:108,12: Cannot determine if container access is using container type.
WARNING: enduro3: /home/viktor/projects/padel-pilot/padel-pilot-garmin/source/domain/ScoringEngine.mc:108,12: Cannot determine if container assignment is using container type.
WARNING: enduro3: /home/viktor/projects/padel-pilot/padel-pilot-garmin/source/domain/ScoringEngine.mc:109,12: Cannot determine if container access is using container type.
WARNING: enduro3: /home/viktor/projects/padel-pilot/padel-pilot-garmin/source/domain/ScoringEngine.mc:115,8: Cannot determine if container access is using container type.
WARNING: enduro3: /home/viktor/projects/padel-pilot/padel-pilot-garmin/source/domain/ScoringEngine.mc:117,15: Cannot determine if container access is using container type.
WARNING: enduro3: /home/viktor/projects/padel-pilot/padel-pilot-garmin/source/domain/ScoringEngine.mc:118,12: Cannot determine if container assignment is using container type.
WARNING: enduro3: /home/viktor/projects/padel-pilot/padel-pilot-garmin/source/domain/ScoringEngine.mc:119,15: Cannot determine if container access is using container type.
WARNING: enduro3: /home/viktor/projects/padel-pilot/padel-pilot-garmin/source/domain/ScoringEngine.mc:120,12: Cannot determine if container assignment is using container type.
WARNING: enduro3: /home/viktor/projects/padel-pilot/padel-pilot-garmin/source/domain/ScoringEngine.mc:121,15: Cannot determine if container access is using container type.
WARNING: enduro3: /home/viktor/projects/padel-pilot/padel-pilot-garmin/source/domain/ScoringEngine.mc:127,8: Cannot determine if container access is using container type.
WARNING: enduro3: /home/viktor/projects/padel-pilot/padel-pilot-garmin/source/domain/ScoringEngine.mc:127,8: Cannot determine if container assignment is using container type.
WARNING: enduro3: /home/viktor/projects/padel-pilot/padel-pilot-garmin/source/domain/ScoringEngine.mc:139,8: Cannot determine if container access is using container type.
WARNING: enduro3: /home/viktor/projects/padel-pilot/padel-pilot-garmin/source/domain/ScoringEngine.mc:141,15: Cannot determine if container access is using container type.
WARNING: enduro3: /home/viktor/projects/padel-pilot/padel-pilot-garmin/source/domain/ScoringEngine.mc:149,8: Cannot determine if container access is using container type.
WARNING: enduro3: /home/viktor/projects/padel-pilot/padel-pilot-garmin/source/domain/ScoringEngine.mc:149,8: Cannot determine if container assignment is using container type.
WARNING: enduro3: /home/viktor/projects/padel-pilot/padel-pilot-garmin/source/domain/ScoringEngine.mc:155,8: Cannot determine if container access is using container type.
WARNING: enduro3: /home/viktor/projects/padel-pilot/padel-pilot-garmin/source/domain/ScoringEngine.mc:158,8: Cannot determine if container access is using container type.
WARNING: enduro3: /home/viktor/projects/padel-pilot/padel-pilot-garmin/source/domain/ScoringEngine.mc:160,16: Cannot determine if container access is using container type.
WARNING: enduro3: /home/viktor/projects/padel-pilot/padel-pilot-garmin/source/domain/ScoringEngine.mc:160,16: Cannot determine if container assignment is using container type.
WARNING: enduro3: /home/viktor/projects/padel-pilot/padel-pilot-garmin/source/domain/ScoringEngine.mc:175,12: Cannot determine if container access is using container type.
WARNING: enduro3: /home/viktor/projects/padel-pilot/padel-pilot-garmin/source/domain/ScoringEngine.mc:177,12: Cannot determine if container access is using container type.
WARNING: enduro3: /home/viktor/projects/padel-pilot/padel-pilot-garmin/source/domain/ScoringEngine.mc:180,8: Cannot determine if container access is using container type.
WARNING: enduro3: /home/viktor/projects/padel-pilot/padel-pilot-garmin/source/domain/ScoringEngine.mc:180,8: Cannot determine if container assignment is using container type.
WARNING: enduro3: /home/viktor/projects/padel-pilot/padel-pilot-garmin/source/domain/ScoringEngine.mc:193,8: Cannot determine if container access is using container type.
WARNING: enduro3: /home/viktor/projects/padel-pilot/padel-pilot-garmin/source/domain/ScoringEngine.mc:207,8: Cannot determine if container access is using container type.
WARNING: enduro3: /home/viktor/projects/padel-pilot/padel-pilot-garmin/source/domain/ScoringEngine.mc:207,8: Cannot determine if container assignment is using container type.
WARNING: enduro3: /home/viktor/projects/padel-pilot/padel-pilot-garmin/source/domain/ScoringEngine.mc:213,8: Cannot determine if container access is using container type.
WARNING: enduro3: /home/viktor/projects/padel-pilot/padel-pilot-garmin/source/domain/ScoringEngine.mc:230,8: Cannot determine if container access is using container type.
WARNING: enduro3: /home/viktor/projects/padel-pilot/padel-pilot-garmin/source/domain/ScoringEngine.mc:235,12: Cannot determine if container access is using container type.
WARNING: enduro3: /home/viktor/projects/padel-pilot/padel-pilot-garmin/source/domain/ScoringEngine.mc:239,8: Cannot determine if container access is using container type.
WARNING: enduro3: /home/viktor/projects/padel-pilot/padel-pilot-garmin/source/domain/ScoringEngine.mc:299,8: Cannot determine if container access is using container type.
WARNING: enduro3: /home/viktor/projects/padel-pilot/padel-pilot-garmin/source/domain/ScoringEngine.mc:346,8: Cannot determine if container access is using container type.
WARNING: enduro3: /home/viktor/projects/padel-pilot/padel-pilot-garmin/source/domain/ScoringEngine.mc:360,12: Cannot determine if container access is using container type.
WARNING: enduro3: /home/viktor/projects/padel-pilot/padel-pilot-garmin/source/domain/ScoringEngine.mc:376,8: Cannot determine if container access is using container type.
WARNING: enduro3: /home/viktor/projects/padel-pilot/padel-pilot-garmin/source/domain/ScoringEngine.mc:382,12: Cannot determine if container access is using container type.
WARNING: enduro3: /home/viktor/projects/padel-pilot/padel-pilot-garmin/source/domain/ScoringEngine.mc:428,12: Cannot determine if container access is using container type.
WARNING: enduro3: /home/viktor/projects/padel-pilot/padel-pilot-garmin/source/tests/PointMatchEngineTests.mc:293,4: Cannot determine if container access is using container type.
WARNING: enduro3: /home/viktor/projects/padel-pilot/padel-pilot-garmin/source/tests/PointMatchEngineTests.mc:294,4: Cannot determine if container access is using container type.
WARNING: enduro3: /home/viktor/projects/padel-pilot/padel-pilot-garmin/source/ui/MatchHistoryDetailView.mc:30,8: Cannot determine if container access is using container type.
WARNING: enduro3: /home/viktor/projects/padel-pilot/padel-pilot-garmin/source/ui/MatchHistoryDetailView.mc:62,8: Cannot determine if container access is using container type.
WARNING: enduro3: /home/viktor/projects/padel-pilot/padel-pilot-garmin/source/ui/MatchHistoryDetailView.mc:81,8: Cannot determine if container access is using container type.
WARNING: enduro3: /home/viktor/projects/padel-pilot/padel-pilot-garmin/source/ui/MatchHistoryDetailView.mc:88,8: Cannot determine if container access is using container type.
WARNING: enduro3: /home/viktor/projects/padel-pilot/padel-pilot-garmin/source/ui/MatchHistoryDetailView.mc:91,12: Cannot determine if container access is using container type.
WARNING: enduro3: /home/viktor/projects/padel-pilot/padel-pilot-garmin/source/ui/MatchHistoryDetailView.mc:93,12: Cannot determine if container access is using container type.
WARNING: enduro3: /home/viktor/projects/padel-pilot/padel-pilot-garmin/source/ui/MatchHistoryDetailView.mc:107,8: Cannot determine if container access is using container type.
WARNING: enduro3: /home/viktor/projects/padel-pilot/padel-pilot-garmin/source/ui/MatchHistoryDetailView.mc:114,8: Cannot determine if container access is using container type.
WARNING: enduro3: /home/viktor/projects/padel-pilot/padel-pilot-garmin/source/ui/MatchHistoryDetailView.mc:115,8: Cannot determine if container access is using container type.
WARNING: enduro3: /home/viktor/projects/padel-pilot/padel-pilot-garmin/source/ui/MatchHistoryDetailView.mc:116,8: Cannot determine if container access is using container type.
WARNING: enduro3: /home/viktor/projects/padel-pilot/padel-pilot-garmin/source/ui/MatchHistoryDetailView.mc:126,12: Cannot determine if container access is using container type.
WARNING: enduro3: /home/viktor/projects/padel-pilot/padel-pilot-garmin/source/ui/MatchHistoryDetailView.mc:129,16: Cannot determine if container access is using container type.
WARNING: enduro3: /home/viktor/projects/padel-pilot/padel-pilot-garmin/source/ui/MatchHistoryDetailView.mc:134,12: Cannot determine if container access is using container type.
WARNING: enduro3: /home/viktor/projects/padel-pilot/padel-pilot-garmin/source/ui/MatchHistoryDetailView.mc:136,12: Cannot determine if container access is using container type.
WARNING: enduro3: /home/viktor/projects/padel-pilot/padel-pilot-garmin/source/ui/MatchHistoryDetailView.mc:149,8: Cannot determine if container access is using container type.
WARNING: enduro3: /home/viktor/projects/padel-pilot/padel-pilot-garmin/source/ui/MatchHistoryDetailView.mc:150,8: Cannot determine if container access is using container type.
WARNING: enduro3: /home/viktor/projects/padel-pilot/padel-pilot-garmin/source/ui/MatchHistoryDetailView.mc:156,8: Cannot determine if container access is using container type.
WARNING: enduro3: /home/viktor/projects/padel-pilot/padel-pilot-garmin/source/ui/MatchHistoryDetailView.mc:178,8: Cannot determine if container access is using container type.
WARNING: enduro3: /home/viktor/projects/padel-pilot/padel-pilot-garmin/source/ui/MatchHistoryDetailView.mc:179,12: Cannot determine if container access is using container type.
WARNING: enduro3: /home/viktor/projects/padel-pilot/padel-pilot-garmin/source/ui/MatchHistoryDetailView.mc:181,8: Cannot determine if container access is using container type.
WARNING: enduro3: /home/viktor/projects/padel-pilot/padel-pilot-garmin/source/ui/MatchHistoryDetailView.mc:182,12: Cannot determine if container access is using container type.
WARNING: enduro3: /home/viktor/projects/padel-pilot/padel-pilot-garmin/source/ui/MatchHistoryDetailView.mc:185,8: Cannot determine if container access is using container type.
WARNING: enduro3: /home/viktor/projects/padel-pilot/padel-pilot-garmin/source/ui/MatchHistoryDetailView.mc:203,8: Cannot determine if container access is using container type.
WARNING: enduro3: /home/viktor/projects/padel-pilot/padel-pilot-garmin/source/ui/MatchHistoryDetailView.mc:204,8: Cannot determine if container access is using container type.
WARNING: enduro3: /home/viktor/projects/padel-pilot/padel-pilot-garmin/source/ui/MatchHistoryDetailView.mc:208,8: Cannot determine if container access is using container type.
WARNING: enduro3: /home/viktor/projects/padel-pilot/padel-pilot-garmin/source/ui/MatchHistoryDetailView.mc:209,8: Cannot determine if container access is using container type.
WARNING: enduro3: /home/viktor/projects/padel-pilot/padel-pilot-garmin/source/ui/MatchHistoryDetailView.mc:211,8: Cannot determine if container access is using container type.
WARNING: enduro3: /home/viktor/projects/padel-pilot/padel-pilot-garmin/source/ui/MatchHistoryView.mc:37,8: Cannot determine if container access is using container type.
WARNING: enduro3: /home/viktor/projects/padel-pilot/padel-pilot-garmin/source/ui/MatchHistoryView.mc:95,8: Cannot determine if container access is using container type.
WARNING: enduro3: /home/viktor/projects/padel-pilot/padel-pilot-garmin/source/ui/MatchHistoryView.mc:103,8: Cannot determine if container access is using container type.
WARNING: enduro3: /home/viktor/projects/padel-pilot/padel-pilot-garmin/source/ui/MatchHistoryView.mc:109,8: Cannot determine if container access is using container type.
WARNING: enduro3: /home/viktor/projects/padel-pilot/padel-pilot-garmin/source/ui/MatchHistoryView.mc:117,8: Cannot determine if container access is using container type.
WARNING: enduro3: /home/viktor/projects/padel-pilot/padel-pilot-garmin/source/ui/RecoveryInputDelegate.mc:25,8: Cannot determine if container access is using container type.
WARNING: enduro3: /home/viktor/projects/padel-pilot/padel-pilot-garmin/source/ui/RecoveryInputDelegate.mc:40,8: Cannot determine if container access is using container type.
WARNING: enduro3: /home/viktor/projects/padel-pilot/padel-pilot-garmin/source/ui/RecoveryInputDelegate.mc:43,12: Cannot determine if container access is using container type.
WARNING: enduro3: /home/viktor/projects/padel-pilot/padel-pilot-garmin/source/ui/RecoveryInputDelegate.mc:46,8: Cannot determine if container access is using container type.
WARNING: enduro3: /home/viktor/projects/padel-pilot/padel-pilot-garmin/source/ui/RecoveryView.mc:21,8: Cannot determine if container access is using container type.
WARNING: enduro3: /home/viktor/projects/padel-pilot/padel-pilot-garmin/source/ui/ScoreInputDelegate.mc:191,15: Cannot determine if container access is using container type.
WARNING: enduro3: /home/viktor/projects/padel-pilot/padel-pilot-garmin/source/ui/ScoreInputDelegate.mc:193,15: Cannot determine if container access is using container type.
WARNING: enduro3: /home/viktor/projects/padel-pilot/padel-pilot-garmin/source/ui/ScoreView.mc:130,8: Cannot determine if container access is using container type.
WARNING: enduro3: /home/viktor/projects/padel-pilot/padel-pilot-garmin/source/ui/ScoreView.mc:154,12: Cannot determine if container access is using container type.
WARNING: enduro3: /home/viktor/projects/padel-pilot/padel-pilot-garmin/source/ui/ScoreView.mc:160,12: Cannot determine if container access is using container type.
WARNING: enduro3: /home/viktor/projects/padel-pilot/padel-pilot-garmin/source/ui/ScoreView.mc:263,8: Cannot determine if container access is using container type.
WARNING: enduro3: /home/viktor/projects/padel-pilot/padel-pilot-garmin/source/ui/ScoreView.mc:264,8: Cannot determine if container access is using container type.
WARNING: enduro3: /home/viktor/projects/padel-pilot/padel-pilot-garmin/source/ui/ScoreView.mc:274,8: Cannot determine if container access is using container type.
WARNING: enduro3: /home/viktor/projects/padel-pilot/padel-pilot-garmin/source/ui/ScoreView.mc:294,12: Cannot determine if container access is using container type.
WARNING: enduro3: /home/viktor/projects/padel-pilot/padel-pilot-garmin/source/ui/ScoreView.mc:296,12: Cannot determine if container access is using container type.
WARNING: enduro3: /home/viktor/projects/padel-pilot/padel-pilot-garmin/source/ui/ScoreView.mc:366,8: Cannot determine if container access is using container type.
WARNING: enduro3: /home/viktor/projects/padel-pilot/padel-pilot-garmin/source/ui/ScoreView.mc:367,8: Cannot determine if container access is using container type.
BUILD SUCCESSFUL
