AM7_PAUSE_FRAME 0
AM7_RESULT_FRAME 0
AM7_HOT_PASSED 0
AM7_PAUSE_FRAME 1
AM7_RESULT_FRAME 1
AM7_HOT_PASSED 1
AM7_PAUSE_FRAME 2
AM7_RESULT_FRAME 2
AM7_HOT_PASSED 2
AM7_PAUSE_FRAME 3
AM7_RESULT_FRAME 3
AM7_HOT_PASSED 3
AM7_PAUSE_FRAME 4
AM7_RESULT_FRAME 4
AM7_HOT_PASSED 4
AM7_PAUSE_FRAME 5
AM7_RESULT_FRAME 5
AM7_HOT_PASSED 5
AM7_PAUSE_FRAME 6
AM7_RESULT_FRAME 6
AM7_HOT_PASSED 6
AM7_PAUSE_FRAME 7
AM7_RESULT_FRAME 7
AM7_HOT_PASSED 7
AM7_EXTRA_FRAME 8
AM7_EXTRA_PASSED 8
AM7_EXTRA_FRAME 9
AM7_EXTRA_PASSED 9
AM7_EXTRA_FRAME 10
AM7_EXTRA_PASSED 10
AM7_EXTRA_FRAME 11
AM7_EXTRA_PASSED 11
AM7_PENDING_SEED_READY
